// Jest Snapshot v1, https://goo.gl/fbAQLP

exports[`GeneListTool Clicking one of the \`eye\` buttons triggers appropriate onChange actions. 1`] = `
Object {
  "payload": Object {
    "experimentId": "1234",
    "key": "J",
    "store": "genes",
  },
  "type": "cellInfo/focus",
}
`;
