// Jest Snapshot v1, https://goo.gl/fbAQLP

exports[`DiffExprResults fetches all the genes 1`] = `
Object {
  "payload": Object {
    "advancedFilters": Array [],
    "experimentId": "1234",
  },
  "type": "diffExpr/loading",
}
`;

exports[`DiffExprResults fetches all the genes 2`] = `
Object {
  "payload": Object {
    "comparisonGroup": Object {
      "basis": "scratchpad/scratchpad-a",
      "cellSet": "louvain/cluster-a",
      "compareWith": "louvain/cluster-b",
    },
    "comparisonType": "between",
    "data": Array [
      Object {
        "auc": "0.1",
        "gene_names": "A",
        "logFC": -1.427,
        "p_val": 1.496,
        "p_val_adj": 1.647,
        "pct_1": "100",
        "pct_2": "100",
      },
      Object {
        "auc": "0.2",
        "gene_names": "B",
        "logFC": -2.427,
        "p_val": 2.496,
        "p_val_adj": 2.647,
        "pct_1": "90",
        "pct_2": "90",
      },
      Object {
        "auc": "0.3",
        "gene_names": "C",
        "logFC": -3.427,
        "p_val": 3.496,
        "p_val_adj": 3.647,
        "pct_1": "80",
        "pct_2": "80",
      },
      Object {
        "auc": "0.4",
        "gene_names": "D",
        "logFC": -4.427,
        "p_val": 4.496,
        "p_val_adj": 4.647,
        "pct_1": "70",
        "pct_2": "70",
      },
      Object {
        "auc": "0.5",
        "gene_names": "E",
        "logFC": -5.427,
        "p_val": 5.496,
        "p_val_adj": 5.647,
        "pct_1": "60",
        "pct_2": "60",
      },
    ],
    "experimentId": "1234",
    "total": 500,
  },
  "type": "diffExpr/loaded",
}
`;
