// Jest Snapshot v1, https://goo.gl/fbAQLP

exports[`loadMarkerGenes action dispatches appropriately on error 1`] = `
Object {
  "type": "genes/markerGenesLoading",
}
`;

exports[`loadMarkerGenes action dispatches appropriately on error 2`] = `
Object {
  "payload": Object {
    "error": "We couldn't get the marker genes",
    "experimentId": "1234",
  },
  "type": "genes/markerGenesError",
}
`;

exports[`loadMarkerGenes action dispatches appropriately on success 1`] = `
Object {
  "type": "genes/markerGenesLoading",
}
`;

exports[`loadMarkerGenes action dispatches appropriately on success 2`] = `
Object {
  "payload": Object {
    "data": Object {
      "geneA": Object {
        "expression": Array [
          1,
        ],
        "mean": 1,
        "stdev": 1,
      },
    },
    "experimentId": "1234",
    "genes": Array [
      "geneA",
    ],
    "plotUuid": "interactiveHeatmap",
  },
  "type": "genes/markerGenesLoaded",
}
`;
