// Jest Snapshot v1, https://goo.gl/fbAQLP

exports[`createCellSetByExpression Dispatces the correct body 1`] = `
Array [
  "testae48e318dab9a1bd0bexperiment",
  Object {
    "genesConfig": Array [
      Object {
        "comparisonType": "greaterThan",
        "geneName": "GeneA",
        "thresholdValue": "0.00",
      },
      Object {
        "comparisonType": "lessThan",
        "geneName": "GeneB",
        "thresholdValue": "0.05",
      },
    ],
    "name": "GetExpressionCellSets",
  },
  [Function],
  Object {
    "broadcast": true,
  },
]
`;
