// Jest Snapshot v1, https://goo.gl/fbAQLP

exports[`runCellSetsClustering action Dispatches all required actions to update cell sets clustering. 1`] = `
[
  [
    "1234",
    {
      "cellSetKey": "louvain",
      "cellSetName": "Louvain clusters",
      "config": {
        "resolution": 0.5,
      },
      "name": "ClusterCells",
      "type": "louvain",
    },
    60,
    {
      "broadcast": true,
    },
    [Function],
  ],
]
`;

exports[`runCellSetsClustering action Dispatches error action when dispatchWorkRequest fails 1`] = `
[
  [
    "1234",
    {
      "cellSetKey": "louvain",
      "cellSetName": "Louvain clusters",
      "config": {
        "resolution": 0.5,
      },
      "name": "ClusterCells",
      "type": "louvain",
    },
    60,
    {
      "broadcast": true,
    },
    [Function],
  ],
]
`;
