// Jest Snapshot v1, https://goo.gl/fbAQLP

exports[`processUpload Uploads and updates redux correctly when there are no errors 1`] = `
[
  {
    "headers": {
      "Content-Type": "application/octet-stream",
    },
    "method": "put",
    "onUploadProgress": [Function],
    "signal": AbortSignal {},
    "url": "theSignedUrl",
  },
]
`;
