// Jest Snapshot v1, https://goo.gl/fbAQLP

exports[`PostErrorToSlack Posts requests correctly 1`] = `
Array [
  "https://slack.com/api/files.upload",
  Object {
    "body": FormData {},
    "method": "POST",
  },
]
`;

exports[`PostErrorToSlack Posts requests correctly 2`] = `"UI Error at 2020-01-01T00:00:00.000Z"`;

exports[`PostErrorToSlack Posts requests correctly 3`] = `
"
  âš   [TEST] Uncaught UI Error - ExpID testae48e318dab9a1bd0bexperiment - 2020-01-01T00:00:00.000Z
  URL: http://localhost:3000/experiments/testae48e318dab9a1bd0bexperiment/data-exploration

  User: John Doe <fake@email.com> 5152fake-eb52-474c-user-mocke8c8user
  Experiment ID: testae48e318dab9a1bd0bexperiment"
`;

exports[`PostErrorToSlack Posts requests correctly 4`] = `"error-logs"`;

exports[`PostErrorToSlack Posts requests correctly 5`] = `"UI-error-testae48e318dab9a1bd0bexperiment-2020-01-01T00:00:00.000Z.log"`;

exports[`PostErrorToSlack Posts requests correctly 6`] = `
"
    ===== ERROR STACK =====
    Message:
    mockMessage
    At:
    line1
line2

    === DETAILS ===
    User: John Doe <fake@email.com> 5152fake-eb52-474c-user-mocke8c8user
    ExperimentID: testae48e318dab9a1bd0bexperiment
    URL: http://localhost:3000/experiments/testae48e318dab9a1bd0bexperiment/data-exploration
    Timestamp: 2020-01-01T00:00:00.000Z

    ===== REDUX STATE =====
    {
  \\"cellInfo\\": {
    \\"focus\\": {
      \\"store\\": \\"cellSets\\",
      \\"key\\": \\"louvain\\"
    },
    \\"groupedTrack\\": \\"louvain\\",
    \\"selectedTracks\\": [
      \\"louvain\\"
    ]
  },
  \\"cellSets\\": {
    \\"properies\\": {
      \\"louvain-0\\": {
        \\"cellIds\\": {}
      }
    }
  },
  \\"cellMeta\\": {
    \\"mitochondrialContent\\": {
      \\"loading\\": true,
      \\"error\\": false,
      \\"data\\": [
        0,
        0,
        0,
        0,
        0,
        0,
        0,
        0,
        0,
        0,
        0,
        0,
        0,
        0,
        0,
        0,
        0,
        0,
        0,
        0,
        \\"...\\"
      ]
    }
  },
  \\"networkResources\\": {
    \\"environment\\": \\"test\\"
  }
}"
`;
