// Jest Snapshot v1, https://goo.gl/fbAQLP

exports[`ViolinIndex Adds a new plot to multi view: new-config 1`] = `
{
  "config": {
    "axes": {
      "domainWidth": 1,
      "enabled": true,
      "gridOpacity": 0,
      "gridWidth": 10,
      "labelFontSize": 12,
      "offset": 10,
      "titleFontSize": 13,
      "xAxisRotateLabels": true,
      "xAxisText": "",
      "yAxisText": "",
    },
    "axesRanges": {
      "yAxisAuto": true,
      "yMax": 10,
      "yMin": 0,
    },
    "colour": {
      "gradient": "default",
      "invert": "standard",
      "masterColour": "#000000",
      "reverseColourBar": false,
      "toggleInvert": "#FFFFFF",
    },
    "dimensions": {
      "height": 400,
      "width": 550,
    },
    "fontStyle": {
      "colour": "#000000",
      "font": "sans-serif",
    },
    "kdeBandwidth": 0.3,
    "keepValuesOnReset": [
      "shownGene",
      "title",
    ],
    "labels": {
      "enabled": true,
      "size": 18,
    },
    "legend": {
      "colour": "#000000",
      "enabled": false,
      "position": "right",
      "showAlert": false,
    },
    "marker": {
      "opacity": 5,
      "outline": true,
      "shape": "circle",
      "showOpacity": true,
      "size": 5,
    },
    "normalised": "zScore",
    "selectedCellSet": "louvain",
    "selectedPoints": "All",
    "selectedPointsVisible": true,
    "shownGene": "Ccl5",
    "spec": "1.0.0",
    "statisticsVisible": false,
    "title": {
      "anchor": "start",
      "dx": 0,
      "fontSize": 20,
      "text": "Ccl5",
    },
  },
  "error": false,
  "experimentId": "testae48e318dab9a1bd0bexperiment",
  "loading": false,
  "outstandingChanges": true,
  "plotData": [],
  "plotType": "violin",
}
`;
