// Jest Snapshot v1, https://goo.gl/fbAQLP

exports[`createSample action Runs correctly 1`] = `
Object {
  "complete": false,
  "createdDate": "2020-01-01T00:00:00.000Z",
  "error": false,
  "fileNames": Array [],
  "files": Object {},
  "lastModified": "2020-01-01T00:00:00.000Z",
  "metadata": Object {},
  "name": "test sample",
  "projectUuid": "qwe234",
  "type": "10X Chromium",
  "uuid": "abc123",
}
`;

exports[`createSample action Works correctly for api v2 1`] = `
Object {
  "name": "test sample",
  "sampleTechnology": "10x",
}
`;
