// Jest Snapshot v1, https://goo.gl/fbAQLP

exports[`loadSample action Dispatches error correctly 1`] = `
[
  undefined,
  {
    "error": "Error: An api error",
  },
]
`;

exports[`loadSample action Works correctly 1`] = `
{
  "samples": {
    "e03ef6ea-5014-4e57-aecd-59964ac9172c": {
      "createdDate": "2021-12-07 17:36:27.773+00",
      "experimentId": "1234",
      "files": {
        "barcodes10x": {
          "size": undefined,
          "upload": {
            "status": "uploaded",
          },
        },
        "features10x": {
          "size": undefined,
          "upload": {
            "status": "uploaded",
          },
        },
        "matrix10x": {
          "size": undefined,
          "upload": {
            "status": "uploaded",
          },
        },
      },
      "lastModified": "2021-12-07 17:38:42.036+00",
      "metadata": {
        "age": "BL",
        "timePoint": "BL",
      },
      "name": "BLp7",
      "options": {},
      "type": "10x",
      "uuid": "e03ef6ea-5014-4e57-aecd-59964ac9172c",
    },
  },
}
`;
