// Jest Snapshot v1, https://goo.gl/fbAQLP

exports[`markerGenesLoading returns correct state 1`] = `
{
  "expression": {
    "downsampled": {
      "ETag": "new-etag",
    },
  },
  "markers": {
    "error": false,
    "loading": true,
  },
}
`;
