// Jest Snapshot v1, https://goo.gl/fbAQLP

exports[`AnnotateClustersTool Can dispatch work request 1`] = `
[MockFunction] {
  "calls": [
    [
      "1234",
      {
        "name": "ScTypeAnnotate",
        "species": "mouse",
        "tissue": "Liver",
      },
      [Function],
      [Function],
      {
        "broadcast": true,
        "timeout": 180.172,
      },
    ],
  ],
  "results": [
    {
      "type": "return",
      "value": undefined,
    },
  ],
}
`;

exports[`CellSetsTool cell set operations should work appropriately for complement 1`] = `
Set {
  31,
  32,
  33,
  34,
  35,
  36,
  37,
  38,
  39,
  40,
  41,
  42,
  43,
  47,
  48,
  49,
  50,
  51,
  52,
  53,
  54,
  55,
  57,
  58,
  59,
  60,
  61,
  62,
  64,
  65,
  66,
  68,
  69,
  70,
  71,
  72,
  73,
  75,
  76,
  77,
  79,
  80,
  81,
  82,
  84,
  85,
  88,
  89,
  90,
  91,
  92,
  93,
  94,
  95,
  96,
  97,
  98,
  99,
  100,
}
`;

exports[`ScoreCellCycleTool Can dispatch work request 1`] = `
[MockFunction] {
  "calls": [
    [
      "1234",
      {
        "name": "CellCycleScoring",
      },
      [Function],
      [Function],
      {
        "broadcast": true,
        "timeout": 180.172,
      },
    ],
  ],
  "results": [
    {
      "type": "return",
      "value": undefined,
    },
  ],
}
`;
