// Jest Snapshot v1, https://goo.gl/fbAQLP

exports[`switch experiment  Then updates the experiment info 1`] = `
{
  "backendStatus": {},
  "cellInfo": {
    "focus": {
      "key": "louvain",
      "store": "cellSets",
    },
    "groupedTrack": "louvain",
    "selectedTracks": [
      "louvain",
    ],
  },
  "cellMeta": {
    "doubletScores": {
      "data": [],
      "error": false,
      "loading": true,
    },
    "mitochondrialContent": {
      "data": [],
      "error": false,
      "loading": true,
    },
    "numOfGenes": {
      "data": [],
      "error": false,
      "loading": true,
    },
    "numOfUmis": {
      "data": [],
      "error": false,
      "loading": true,
    },
  },
  "cellSets": {
    "error": false,
    "hidden": Set {},
    "hierarchy": [],
    "initialLoadPending": true,
    "loading": false,
    "properties": {},
    "selected": [],
    "updatingClustering": false,
  },
  "componentConfig": {},
  "differentialExpression": {
    "comparison": {
      "advancedFilters": [],
      "group": {
        "between": {
          "basis": null,
          "cellSet": null,
          "compareWith": null,
        },
        "within": {
          "basis": null,
          "cellSet": null,
          "compareWith": null,
        },
      },
      "ordering": {
        "orderBy": "logFC",
        "orderDirection": "DESC",
      },
      "type": "within",
    },
    "properties": {
      "comparisonGroup": {},
      "comparisonType": null,
      "data": [],
      "error": false,
      "loading": false,
      "total": 0,
    },
  },
  "embeddings": {},
  "experimentSettings": {
    "info": {
      "experimentId": "testae48e318dab9a1bd0bexperiment-0",
      "experimentName": "Test Experiment-0",
      "pipelineVersion": 1,
      "sampleIds": [
        "test9188-d682-test-mock-cb6d644cmock-0",
        "test9188-d682-test-mock-cb6d644cmock-1",
        "test9188-d682-test-mock-cb6d644cmock-2",
      ],
    },
    "originalProcessing": {},
    "processing": {
      "meta": {
        "changedQCFilters": Set {},
        "completingStepError": false,
        "loading": false,
        "loadingSettingsError": false,
      },
    },
  },
  "experiments": {
    "ids": [
      "testae48e318dab9a1bd0bexperiment-0",
      "testae48e318dab9a1bd0bexperiment-1",
    ],
    "meta": {
      "activeExperimentId": "testae48e318dab9a1bd0bexperiment-1",
      "error": false,
      "loading": false,
      "saving": false,
    },
    "testae48e318dab9a1bd0bexperiment-0": {
      "createdAt": "0000-00-00T00:00:00.000Z",
      "description": "Mock experiment 0",
      "id": "testae48e318dab9a1bd0bexperiment-0",
      "metadataKeys": [],
      "name": "Test Experiment-0",
      "notifyByEmail": true,
      "pipelineVersion": 1,
      "pipelines": {
        "gem2s": {
          "executionArn": "arn:aws:states:eu-west-1:000000000000:execution:biomage-gem2s-development-mock997586f1bae0a6d5c5beed65663ec1519de4:5f273383-f093-4112-95b0-d76db896test",
          "shouldRerun": true,
          "stateMachineArn": "arn:aws:states:eu-west-1:000000000000:stateMachine:biomage-gem2s-development-mock997586f1bae0a6d5c5beed65663ec151test",
        },
        "qc": {
          "executionArn": "arn:aws:states:eu-west-1:000000000000:execution:biomage-qc-development-mock997586f1bae0a6d5c5beed65663ec1519de4:422493f3-68a0-4ecb-8b17-0e8cd7a3test",
          "shouldRerun": null,
          "stateMachineArn": "arn:aws:states:eu-west-1:000000000000:stateMachine:biomage-qc-development-mock997586f1bae0a6d5c5beed65663ec151test",
        },
        "seurat": {
          "executionArn": "arn:aws:states:eu-west-1:000000000000:execution:biomage-seurat-development-mock997586f1bae0a6d5c5beed65663ec1519de4:5f273383-f093-4112-95b0-d76db896test",
          "paramsHash": "mock57f90e94eeaa82ee6fb7627110828f2etest",
          "stateMachineArn": "arn:aws:states:eu-west-1:000000000000:stateMachine:biomage-seurat-development-mock997586f1bae0a6d5c5beed65663ec151test",
        },
      },
      "sampleIds": [
        "test9188-d682-test-mock-cb6d644cmock-0",
        "test9188-d682-test-mock-cb6d644cmock-1",
        "test9188-d682-test-mock-cb6d644cmock-2",
      ],
      "updatedAt": "0000-00-00T00:00:00.000Z",
    },
    "testae48e318dab9a1bd0bexperiment-1": {
      "createdAt": "0000-00-00T00:00:00.000Z",
      "description": "Mock experiment 1",
      "id": "testae48e318dab9a1bd0bexperiment-1",
      "metadataKeys": [],
      "name": "Test Experiment-1",
      "notifyByEmail": true,
      "pipelineVersion": 1,
      "pipelines": {
        "gem2s": {
          "executionArn": "arn:aws:states:eu-west-1:000000000000:execution:biomage-gem2s-development-mock997586f1bae0a6d5c5beed65663ec1519de4:5f273383-f093-4112-95b0-d76db896test",
          "shouldRerun": true,
          "stateMachineArn": "arn:aws:states:eu-west-1:000000000000:stateMachine:biomage-gem2s-development-mock997586f1bae0a6d5c5beed65663ec151test",
        },
        "qc": {
          "executionArn": "arn:aws:states:eu-west-1:000000000000:execution:biomage-qc-development-mock997586f1bae0a6d5c5beed65663ec1519de4:422493f3-68a0-4ecb-8b17-0e8cd7a3test",
          "shouldRerun": null,
          "stateMachineArn": "arn:aws:states:eu-west-1:000000000000:stateMachine:biomage-qc-development-mock997586f1bae0a6d5c5beed65663ec151test",
        },
        "seurat": {
          "executionArn": "arn:aws:states:eu-west-1:000000000000:execution:biomage-seurat-development-mock997586f1bae0a6d5c5beed65663ec1519de4:5f273383-f093-4112-95b0-d76db896test",
          "paramsHash": "mock57f90e94eeaa82ee6fb7627110828f2etest",
          "stateMachineArn": "arn:aws:states:eu-west-1:000000000000:stateMachine:biomage-seurat-development-mock997586f1bae0a6d5c5beed65663ec151test",
        },
      },
      "sampleIds": [],
      "updatedAt": "0000-00-00T00:00:00.000Z",
    },
  },
  "genes": {
    "expression": {
      "downsampled": {
        "ETag": null,
        "cellOrder": [],
        "error": false,
        "loading": [],
        "matrix": ExpressionMatrix {
          "geneIndexes": {},
          "rawGeneExpressions": {
            "datatype": undefined,
            "index": [],
            "mathjs": "SparseMatrix",
            "ptr": [
              0,
            ],
            "size": [
              0,
              0,
            ],
            "values": [],
          },
          "setGeneExpression": [Function],
          "stats": {
            "rawMean": [],
            "rawStdev": [],
            "truncatedMax": [],
            "truncatedMin": [],
          },
          "truncatedGeneExpressions": {
            "datatype": undefined,
            "index": [],
            "mathjs": "SparseMatrix",
            "ptr": [
              0,
            ],
            "size": [
              0,
              0,
            ],
            "values": [],
          },
          "zScore": {
            "datatype": undefined,
            "index": [],
            "mathjs": "SparseMatrix",
            "ptr": [
              0,
            ],
            "size": [
              0,
              0,
            ],
            "values": [],
          },
        },
      },
      "full": {
        "error": false,
        "loading": [],
        "matrix": ExpressionMatrix {
          "geneIndexes": {},
          "rawGeneExpressions": {
            "datatype": undefined,
            "index": [],
            "mathjs": "SparseMatrix",
            "ptr": [
              0,
            ],
            "size": [
              0,
              0,
            ],
            "values": [],
          },
          "setGeneExpression": [Function],
          "stats": {
            "rawMean": [],
            "rawStdev": [],
            "truncatedMax": [],
            "truncatedMin": [],
          },
          "truncatedGeneExpressions": {
            "datatype": undefined,
            "index": [],
            "mathjs": "SparseMatrix",
            "ptr": [
              0,
            ],
            "size": [
              0,
              0,
            ],
            "values": [],
          },
          "zScore": {
            "datatype": undefined,
            "index": [],
            "mathjs": "SparseMatrix",
            "ptr": [
              0,
            ],
            "size": [
              0,
              0,
            ],
            "values": [],
          },
        },
      },
      "views": {},
    },
    "focused": undefined,
    "markers": {
      "ETag": null,
      "error": false,
      "loading": false,
    },
    "properties": {
      "data": {},
      "loading": [],
      "views": {},
    },
    "selected": [],
  },
  "layout": {
    "panel": "Gene list",
    "windows": {
      "direction": "row",
      "first": {
        "direction": "column",
        "first": {
          "direction": "row",
          "first": "UMAP",
          "second": "Cell sets and Metadata",
          "splitPercentage": 60,
        },
        "second": "Heatmap",
        "splitPercentage": 50,
      },
      "second": "Genes",
      "splitPercentage": 70,
    },
  },
  "networkResources": {
    "domainName": undefined,
    "environment": undefined,
  },
  "samples": {
    "meta": {
      "error": false,
      "loading": false,
      "saving": false,
      "validating": [],
    },
    "test9188-d682-test-mock-cb6d644cmock-0": {
      "createdDate": "2021-12-07 17:36:27.773+00",
      "experimentId": "testae48e318dab9a1bd0bexperiment-0",
      "files": {
        "barcodes10x": {
          "size": 100,
          "upload": {
            "status": "uploaded",
          },
        },
        "features10x": {
          "size": 100,
          "upload": {
            "status": "uploaded",
          },
        },
        "matrix10x": {
          "size": 1000,
          "upload": {
            "status": "uploaded",
          },
        },
      },
      "lastModified": "2021-12-07 17:38:42.036+00",
      "metadata": {
        "age": "BL",
        "timePoint": "BL",
      },
      "name": "Mock sample 0",
      "options": {},
      "type": "10x",
      "uuid": "test9188-d682-test-mock-cb6d644cmock-0",
    },
    "test9188-d682-test-mock-cb6d644cmock-1": {
      "createdDate": "2021-12-07 17:36:27.773+00",
      "experimentId": "testae48e318dab9a1bd0bexperiment-0",
      "files": {
        "barcodes10x": {
          "size": 100,
          "upload": {
            "status": "uploaded",
          },
        },
        "features10x": {
          "size": 100,
          "upload": {
            "status": "uploaded",
          },
        },
        "matrix10x": {
          "size": 1000,
          "upload": {
            "status": "uploaded",
          },
        },
      },
      "lastModified": "2021-12-07 17:38:42.036+00",
      "metadata": {
        "age": "BL",
        "timePoint": "BL",
      },
      "name": "Mock sample 1",
      "options": {},
      "type": "10x",
      "uuid": "test9188-d682-test-mock-cb6d644cmock-1",
    },
    "test9188-d682-test-mock-cb6d644cmock-2": {
      "createdDate": "2021-12-07 17:36:27.773+00",
      "experimentId": "testae48e318dab9a1bd0bexperiment-0",
      "files": {
        "barcodes10x": {
          "size": 100,
          "upload": {
            "status": "uploaded",
          },
        },
        "features10x": {
          "size": 100,
          "upload": {
            "status": "uploaded",
          },
        },
        "matrix10x": {
          "size": 1000,
          "upload": {
            "status": "uploaded",
          },
        },
      },
      "lastModified": "2021-12-07 17:38:42.036+00",
      "metadata": {
        "age": "BL",
        "timePoint": "BL",
      },
      "name": "Mock sample 2",
      "options": {},
      "type": "10x",
      "uuid": "test9188-d682-test-mock-cb6d644cmock-2",
    },
  },
  "user": {
    "current": null,
  },
}
`;

exports[`switch experiment  switches the experiment to its initial values 1`] = `
{
  "backendStatus": {},
  "cellInfo": {
    "focus": {
      "key": "louvain",
      "store": "cellSets",
    },
    "groupedTrack": "louvain",
    "selectedTracks": [
      "louvain",
    ],
  },
  "cellMeta": {
    "doubletScores": {
      "data": [],
      "error": false,
      "loading": true,
    },
    "mitochondrialContent": {
      "data": [],
      "error": false,
      "loading": true,
    },
    "numOfGenes": {
      "data": [],
      "error": false,
      "loading": true,
    },
    "numOfUmis": {
      "data": [],
      "error": false,
      "loading": true,
    },
  },
  "cellSets": {
    "error": false,
    "hidden": Set {},
    "hierarchy": [],
    "initialLoadPending": true,
    "loading": false,
    "properties": {},
    "selected": [],
    "updatingClustering": false,
  },
  "componentConfig": {},
  "differentialExpression": {
    "comparison": {
      "advancedFilters": [],
      "group": {
        "between": {
          "basis": null,
          "cellSet": null,
          "compareWith": null,
        },
        "within": {
          "basis": null,
          "cellSet": null,
          "compareWith": null,
        },
      },
      "ordering": {
        "orderBy": "logFC",
        "orderDirection": "DESC",
      },
      "type": "within",
    },
    "properties": {
      "comparisonGroup": {},
      "comparisonType": null,
      "data": [],
      "error": false,
      "loading": false,
      "total": 0,
    },
  },
  "embeddings": {},
  "experimentSettings": {
    "info": {
      "experimentId": "testae48e318dab9a1bd0bexperiment-0",
      "experimentName": "Test Experiment-0",
      "pipelineVersion": 1,
      "sampleIds": [
        "test9188-d682-test-mock-cb6d644cmock-0",
        "test9188-d682-test-mock-cb6d644cmock-1",
        "test9188-d682-test-mock-cb6d644cmock-2",
      ],
    },
    "originalProcessing": {},
    "processing": {
      "meta": {
        "changedQCFilters": Set {},
        "completingStepError": false,
        "loading": false,
        "loadingSettingsError": false,
      },
    },
  },
  "experiments": {
    "ids": [
      "testae48e318dab9a1bd0bexperiment-0",
      "testae48e318dab9a1bd0bexperiment-1",
    ],
    "meta": {
      "activeExperimentId": "testae48e318dab9a1bd0bexperiment-1",
      "error": false,
      "loading": false,
      "saving": false,
    },
    "testae48e318dab9a1bd0bexperiment-0": {
      "createdAt": "0000-00-00T00:00:00.000Z",
      "description": "Mock experiment 0",
      "id": "testae48e318dab9a1bd0bexperiment-0",
      "metadataKeys": [],
      "name": "Test Experiment-0",
      "notifyByEmail": true,
      "pipelineVersion": 1,
      "pipelines": {
        "gem2s": {
          "executionArn": "arn:aws:states:eu-west-1:000000000000:execution:biomage-gem2s-development-mock997586f1bae0a6d5c5beed65663ec1519de4:5f273383-f093-4112-95b0-d76db896test",
          "shouldRerun": true,
          "stateMachineArn": "arn:aws:states:eu-west-1:000000000000:stateMachine:biomage-gem2s-development-mock997586f1bae0a6d5c5beed65663ec151test",
        },
        "qc": {
          "executionArn": "arn:aws:states:eu-west-1:000000000000:execution:biomage-qc-development-mock997586f1bae0a6d5c5beed65663ec1519de4:422493f3-68a0-4ecb-8b17-0e8cd7a3test",
          "shouldRerun": null,
          "stateMachineArn": "arn:aws:states:eu-west-1:000000000000:stateMachine:biomage-qc-development-mock997586f1bae0a6d5c5beed65663ec151test",
        },
        "seurat": {
          "executionArn": "arn:aws:states:eu-west-1:000000000000:execution:biomage-seurat-development-mock997586f1bae0a6d5c5beed65663ec1519de4:5f273383-f093-4112-95b0-d76db896test",
          "paramsHash": "mock57f90e94eeaa82ee6fb7627110828f2etest",
          "stateMachineArn": "arn:aws:states:eu-west-1:000000000000:stateMachine:biomage-seurat-development-mock997586f1bae0a6d5c5beed65663ec151test",
        },
      },
      "sampleIds": [
        "test9188-d682-test-mock-cb6d644cmock-0",
        "test9188-d682-test-mock-cb6d644cmock-1",
        "test9188-d682-test-mock-cb6d644cmock-2",
      ],
      "updatedAt": "0000-00-00T00:00:00.000Z",
    },
    "testae48e318dab9a1bd0bexperiment-1": {
      "createdAt": "0000-00-00T00:00:00.000Z",
      "description": "Mock experiment 1",
      "id": "testae48e318dab9a1bd0bexperiment-1",
      "metadataKeys": [],
      "name": "Test Experiment-1",
      "notifyByEmail": true,
      "pipelineVersion": 1,
      "pipelines": {
        "gem2s": {
          "executionArn": "arn:aws:states:eu-west-1:000000000000:execution:biomage-gem2s-development-mock997586f1bae0a6d5c5beed65663ec1519de4:5f273383-f093-4112-95b0-d76db896test",
          "shouldRerun": true,
          "stateMachineArn": "arn:aws:states:eu-west-1:000000000000:stateMachine:biomage-gem2s-development-mock997586f1bae0a6d5c5beed65663ec151test",
        },
        "qc": {
          "executionArn": "arn:aws:states:eu-west-1:000000000000:execution:biomage-qc-development-mock997586f1bae0a6d5c5beed65663ec1519de4:422493f3-68a0-4ecb-8b17-0e8cd7a3test",
          "shouldRerun": null,
          "stateMachineArn": "arn:aws:states:eu-west-1:000000000000:stateMachine:biomage-qc-development-mock997586f1bae0a6d5c5beed65663ec151test",
        },
        "seurat": {
          "executionArn": "arn:aws:states:eu-west-1:000000000000:execution:biomage-seurat-development-mock997586f1bae0a6d5c5beed65663ec1519de4:5f273383-f093-4112-95b0-d76db896test",
          "paramsHash": "mock57f90e94eeaa82ee6fb7627110828f2etest",
          "stateMachineArn": "arn:aws:states:eu-west-1:000000000000:stateMachine:biomage-seurat-development-mock997586f1bae0a6d5c5beed65663ec151test",
        },
      },
      "sampleIds": [],
      "updatedAt": "0000-00-00T00:00:00.000Z",
    },
  },
  "genes": {
    "expression": {
      "downsampled": {
        "ETag": null,
        "cellOrder": [],
        "error": false,
        "loading": [],
        "matrix": ExpressionMatrix {
          "geneIndexes": {},
          "rawGeneExpressions": {
            "datatype": undefined,
            "index": [],
            "mathjs": "SparseMatrix",
            "ptr": [
              0,
            ],
            "size": [
              0,
              0,
            ],
            "values": [],
          },
          "setGeneExpression": [Function],
          "stats": {
            "rawMean": [],
            "rawStdev": [],
            "truncatedMax": [],
            "truncatedMin": [],
          },
          "truncatedGeneExpressions": {
            "datatype": undefined,
            "index": [],
            "mathjs": "SparseMatrix",
            "ptr": [
              0,
            ],
            "size": [
              0,
              0,
            ],
            "values": [],
          },
          "zScore": {
            "datatype": undefined,
            "index": [],
            "mathjs": "SparseMatrix",
            "ptr": [
              0,
            ],
            "size": [
              0,
              0,
            ],
            "values": [],
          },
        },
      },
      "full": {
        "error": false,
        "loading": [],
        "matrix": ExpressionMatrix {
          "geneIndexes": {},
          "rawGeneExpressions": {
            "datatype": undefined,
            "index": [],
            "mathjs": "SparseMatrix",
            "ptr": [
              0,
            ],
            "size": [
              0,
              0,
            ],
            "values": [],
          },
          "setGeneExpression": [Function],
          "stats": {
            "rawMean": [],
            "rawStdev": [],
            "truncatedMax": [],
            "truncatedMin": [],
          },
          "truncatedGeneExpressions": {
            "datatype": undefined,
            "index": [],
            "mathjs": "SparseMatrix",
            "ptr": [
              0,
            ],
            "size": [
              0,
              0,
            ],
            "values": [],
          },
          "zScore": {
            "datatype": undefined,
            "index": [],
            "mathjs": "SparseMatrix",
            "ptr": [
              0,
            ],
            "size": [
              0,
              0,
            ],
            "values": [],
          },
        },
      },
      "views": {},
    },
    "focused": undefined,
    "markers": {
      "ETag": null,
      "error": false,
      "loading": false,
    },
    "properties": {
      "data": {},
      "loading": [],
      "views": {},
    },
    "selected": [],
  },
  "layout": {
    "panel": "Gene list",
    "windows": {
      "direction": "row",
      "first": {
        "direction": "column",
        "first": {
          "direction": "row",
          "first": "UMAP",
          "second": "Cell sets and Metadata",
          "splitPercentage": 60,
        },
        "second": "Heatmap",
        "splitPercentage": 50,
      },
      "second": "Genes",
      "splitPercentage": 70,
    },
  },
  "networkResources": {
    "domainName": undefined,
    "environment": undefined,
  },
  "samples": {
    "meta": {
      "error": false,
      "loading": false,
      "saving": false,
      "validating": [],
    },
    "test9188-d682-test-mock-cb6d644cmock-0": {
      "createdDate": "2021-12-07 17:36:27.773+00",
      "experimentId": "testae48e318dab9a1bd0bexperiment-0",
      "files": {
        "barcodes10x": {
          "size": 100,
          "upload": {
            "status": "uploaded",
          },
        },
        "features10x": {
          "size": 100,
          "upload": {
            "status": "uploaded",
          },
        },
        "matrix10x": {
          "size": 1000,
          "upload": {
            "status": "uploaded",
          },
        },
      },
      "lastModified": "2021-12-07 17:38:42.036+00",
      "metadata": {
        "age": "BL",
        "timePoint": "BL",
      },
      "name": "Mock sample 0",
      "options": {},
      "type": "10x",
      "uuid": "test9188-d682-test-mock-cb6d644cmock-0",
    },
    "test9188-d682-test-mock-cb6d644cmock-1": {
      "createdDate": "2021-12-07 17:36:27.773+00",
      "experimentId": "testae48e318dab9a1bd0bexperiment-0",
      "files": {
        "barcodes10x": {
          "size": 100,
          "upload": {
            "status": "uploaded",
          },
        },
        "features10x": {
          "size": 100,
          "upload": {
            "status": "uploaded",
          },
        },
        "matrix10x": {
          "size": 1000,
          "upload": {
            "status": "uploaded",
          },
        },
      },
      "lastModified": "2021-12-07 17:38:42.036+00",
      "metadata": {
        "age": "BL",
        "timePoint": "BL",
      },
      "name": "Mock sample 1",
      "options": {},
      "type": "10x",
      "uuid": "test9188-d682-test-mock-cb6d644cmock-1",
    },
    "test9188-d682-test-mock-cb6d644cmock-2": {
      "createdDate": "2021-12-07 17:36:27.773+00",
      "experimentId": "testae48e318dab9a1bd0bexperiment-0",
      "files": {
        "barcodes10x": {
          "size": 100,
          "upload": {
            "status": "uploaded",
          },
        },
        "features10x": {
          "size": 100,
          "upload": {
            "status": "uploaded",
          },
        },
        "matrix10x": {
          "size": 1000,
          "upload": {
            "status": "uploaded",
          },
        },
      },
      "lastModified": "2021-12-07 17:38:42.036+00",
      "metadata": {
        "age": "BL",
        "timePoint": "BL",
      },
      "name": "Mock sample 2",
      "options": {},
      "type": "10x",
      "uuid": "test9188-d682-test-mock-cb6d644cmock-2",
    },
  },
  "user": {
    "current": null,
  },
}
`;
